Tue Feb 09 2021 14:13:58 GMT-0500 (Eastern Standard Time)
